// Jest Snapshot v1, https://goo.gl/fbAQLP

exports[`renders correctly 1`] = `
<div
  style={
    Object {
      "marginLeft": "200px",
      "marginRight": "200px",
      "paddingBottom": "150px",
    }
  }
>
  <h1>
    Explore
  </h1>
  <h5>
    Use our unique beer exploration tool to find new and interesting beers for you!
  </h5>
  <div
    style={
      Object {
        "background": "#F4F4F4",
        "flexDirection": "row",
        "marginTop": "15px",
      }
    }
  >
    <div
      style={
        Object {
          "alignItems": "center",
          "display": "flex",
          "flexDirection": "column",
          "paddingTop": "15px",
        }
      }
    >
      <h2>
        Colors
      </h2>
      <h6
        style={
          Object {
            "color": "#696969",
          }
        }
      >
        Select your preferred color of beer.
      </h6>
    </div>
    <div
      className="justify-content-md-center row"
    >
      <div
        className="col"
      >
        <form
          className=""
        >
          <div
            className="mb-3"
          >
            <div
              className="custom-control custom-checkbox"
              style={
                Object {
                  "paddingLeft": "200px",
                }
              }
            >
              <input
                checked={false}
                className="custom-control-input"
                disabled={false}
                id="checkbox-option"
                md="auto"
                onChange={[Function]}
                type="checkbox"
              />
              <label
                className="custom-control-label"
                htmlFor="checkbox-option"
                title=""
              >
                Light Yellow
              </label>
            </div>
          </div>
        </form>
        <form
          className=""
        >
          <div
            className="mb-3"
          >
            <div
              className="custom-control custom-checkbox"
              style={
                Object {
                  "paddingLeft": "200px",
                }
              }
            >
              <input
                checked={false}
                className="custom-control-input"
                disabled={false}
                id="checkbox-option"
                md="auto"
                onChange={[Function]}
                type="checkbox"
              />
              <label
                className="custom-control-label"
                htmlFor="checkbox-option"
                title=""
              >
                Straw
              </label>
            </div>
          </div>
        </form>
        <form
          className=""
        >
          <div
            className="mb-3"
          >
            <div
              className="custom-control custom-checkbox"
              style={
                Object {
                  "paddingLeft": "200px",
                }
              }
            >
              <input
                checked={false}
                className="custom-control-input"
                disabled={false}
                id="checkbox-option"
                md="auto"
                onChange={[Function]}
                type="checkbox"
              />
              <label
                className="custom-control-label"
                htmlFor="checkbox-option"
                title=""
              >
                Pale
              </label>
            </div>
          </div>
        </form>
        <form
          className=""
        >
          <div
            className="mb-3"
          >
            <div
              className="custom-control custom-checkbox"
              style={
                Object {
                  "paddingLeft": "200px",
                }
              }
            >
              <input
                checked={false}
                className="custom-control-input"
                disabled={false}
                id="checkbox-option"
                md="auto"
                onChange={[Function]}
                type="checkbox"
              />
              <label
                className="custom-control-label"
                htmlFor="checkbox-option"
                title=""
              >
                Gold
              </label>
            </div>
          </div>
        </form>
        <form
          className=""
        >
          <div
            className="mb-3"
          >
            <div
              className="custom-control custom-checkbox"
              style={
                Object {
                  "paddingLeft": "200px",
                }
              }
            >
              <input
                checked={false}
                className="custom-control-input"
                disabled={false}
                id="checkbox-option"
                md="auto"
                onChange={[Function]}
                type="checkbox"
              />
              <label
                className="custom-control-label"
                htmlFor="checkbox-option"
                title=""
              >
                Light Amber
              </label>
            </div>
          </div>
        </form>
        <form
          className=""
        >
          <div
            className="mb-3"
          >
            <div
              className="custom-control custom-checkbox"
              style={
                Object {
                  "paddingLeft": "200px",
                }
              }
            >
              <input
                checked={false}
                className="custom-control-input"
                disabled={false}
                id="checkbox-option"
                md="auto"
                onChange={[Function]}
                type="checkbox"
              />
              <label
                className="custom-control-label"
                htmlFor="checkbox-option"
                title=""
              >
                Amber
              </label>
            </div>
          </div>
        </form>
        <form
          className=""
        >
          <div
            className="mb-3"
          >
            <div
              className="custom-control custom-checkbox"
              style={
                Object {
                  "paddingLeft": "200px",
                }
              }
            >
              <input
                checked={false}
                className="custom-control-input"
                disabled={false}
                id="checkbox-option"
                md="auto"
                onChange={[Function]}
                type="checkbox"
              />
              <label
                className="custom-control-label"
                htmlFor="checkbox-option"
                title=""
              >
                Medium Amber
              </label>
            </div>
          </div>
        </form>
      </div>
      <div
        className="col"
      >
        <form
          className=""
        >
          <div
            className="mb-3"
          >
            <div
              className="custom-control custom-checkbox"
              style={
                Object {
                  "paddingLeft": "200px",
                }
              }
            >
              <input
                checked={false}
                className="custom-control-input"
                disabled={false}
                id="checkbox-option"
                md="auto"
                onChange={[Function]}
                type="checkbox"
              />
              <label
                className="custom-control-label"
                htmlFor="checkbox-option"
                title=""
              >
                Copper
              </label>
            </div>
          </div>
        </form>
        <form
          className=""
        >
          <div
            className="mb-3"
          >
            <div
              className="custom-control custom-checkbox"
              style={
                Object {
                  "paddingLeft": "200px",
                }
              }
            >
              <input
                checked={false}
                className="custom-control-input"
                disabled={false}
                id="checkbox-option"
                md="auto"
                onChange={[Function]}
                type="checkbox"
              />
              <label
                className="custom-control-label"
                htmlFor="checkbox-option"
                title=""
              >
                Light Brown
              </label>
            </div>
          </div>
        </form>
        <form
          className=""
        >
          <div
            className="mb-3"
          >
            <div
              className="custom-control custom-checkbox"
              style={
                Object {
                  "paddingLeft": "200px",
                }
              }
            >
              <input
                checked={false}
                className="custom-control-input"
                disabled={false}
                id="checkbox-option"
                md="auto"
                onChange={[Function]}
                type="checkbox"
              />
              <label
                className="custom-control-label"
                htmlFor="checkbox-option"
                title=""
              >
                Saddle Brown
              </label>
            </div>
          </div>
        </form>
        <form
          className=""
        >
          <div
            className="mb-3"
          >
            <div
              className="custom-control custom-checkbox"
              style={
                Object {
                  "paddingLeft": "200px",
                }
              }
            >
              <input
                checked={false}
                className="custom-control-input"
                disabled={false}
                id="checkbox-option"
                md="auto"
                onChange={[Function]}
                type="checkbox"
              />
              <label
                className="custom-control-label"
                htmlFor="checkbox-option"
                title=""
              >
                Brown
              </label>
            </div>
          </div>
        </form>
        <form
          className=""
        >
          <div
            className="mb-3"
          >
            <div
              className="custom-control custom-checkbox"
              style={
                Object {
                  "paddingLeft": "200px",
                }
              }
            >
              <input
                checked={false}
                className="custom-control-input"
                disabled={false}
                id="checkbox-option"
                md="auto"
                onChange={[Function]}
                type="checkbox"
              />
              <label
                className="custom-control-label"
                htmlFor="checkbox-option"
                title=""
              >
                Dark Brown
              </label>
            </div>
          </div>
        </form>
        <form
          className=""
        >
          <div
            className="mb-3"
          >
            <div
              className="custom-control custom-checkbox"
              style={
                Object {
                  "paddingLeft": "200px",
                }
              }
            >
              <input
                checked={false}
                className="custom-control-input"
                disabled={false}
                id="checkbox-option"
                md="auto"
                onChange={[Function]}
                type="checkbox"
              />
              <label
                className="custom-control-label"
                htmlFor="checkbox-option"
                title=""
              >
                Black
              </label>
            </div>
          </div>
        </form>
      </div>
    </div>
  </div>
  <div
    className="btn-toolbar"
    role="toolbar"
    style={
      Object {
        "display": "flex",
        "justifyContent": "space-between",
        "paddingTop": "10px",
      }
    }
  >
    <div />
    <div
      className="react-carousel-dots-holder "
      style={
        Object {
          "height": 10,
          "width": 60,
        }
      }
    >
      <div
        className="dot-holder"
        style={
          Object {
            "height": 10,
            "marginLeft": 1,
            "marginRight": 1,
            "width": 10,
          }
        }
      >
        <div
          className="react-carousel-dots-dot
                      
                      active"
        />
      </div>
      <div
        className="dot-holder"
        style={
          Object {
            "height": 10,
            "marginLeft": 1,
            "marginRight": 1,
            "width": 10,
          }
        }
      >
        <div
          className="react-carousel-dots-dot
                      
                      "
        />
      </div>
      <div
        className="dot-holder"
        style={
          Object {
            "height": 10,
            "marginLeft": 1,
            "marginRight": 1,
            "width": 10,
          }
        }
      >
        <div
          className="react-carousel-dots-dot
                      
                      "
        />
      </div>
    </div>
    <button
      className="submit-button btn btn-secondary"
      disabled={false}
      id="submit-button"
      onClick={[Function]}
      style={
        Object {
          "backgroundColor": "#CC752A",
          "outline": "none",
        }
      }
      type="button"
    >
      Next
    </button>
  </div>
</div>
`;

exports[`renders correctly with props 1`] = `
<div
  style={
    Object {
      "marginLeft": "200px",
      "marginRight": "200px",
      "paddingBottom": "150px",
    }
  }
>
  <h1>
    Explore
  </h1>
  <h5>
    Use our unique beer exploration tool to find new and interesting beers for you!
  </h5>
  <div
    style={
      Object {
        "background": "#F4F4F4",
        "flexDirection": "row",
        "marginTop": "15px",
      }
    }
  >
    <div
      style={
        Object {
          "alignItems": "center",
          "display": "flex",
          "flexDirection": "column",
          "paddingTop": "15px",
        }
      }
    >
      <h2>
        Colors
      </h2>
      <h6
        style={
          Object {
            "color": "#696969",
          }
        }
      >
        Select your preferred color of beer.
      </h6>
    </div>
    <div
      className="justify-content-md-center row"
    >
      <div
        className="col"
      >
        <form
          className=""
        >
          <div
            className="mb-3"
          >
            <div
              className="custom-control custom-checkbox"
              style={
                Object {
                  "paddingLeft": "200px",
                }
              }
            >
              <input
                checked={false}
                className="custom-control-input"
                disabled={false}
                id="checkbox-option"
                md="auto"
                onChange={[Function]}
                type="checkbox"
              />
              <label
                className="custom-control-label"
                htmlFor="checkbox-option"
                title=""
              >
                Light Yellow
              </label>
            </div>
          </div>
        </form>
        <form
          className=""
        >
          <div
            className="mb-3"
          >
            <div
              className="custom-control custom-checkbox"
              style={
                Object {
                  "paddingLeft": "200px",
                }
              }
            >
              <input
                checked={false}
                className="custom-control-input"
                disabled={false}
                id="checkbox-option"
                md="auto"
                onChange={[Function]}
                type="checkbox"
              />
              <label
                className="custom-control-label"
                htmlFor="checkbox-option"
                title=""
              >
                Straw
              </label>
            </div>
          </div>
        </form>
        <form
          className=""
        >
          <div
            className="mb-3"
          >
            <div
              className="custom-control custom-checkbox"
              style={
                Object {
                  "paddingLeft": "200px",
                }
              }
            >
              <input
                checked={false}
                className="custom-control-input"
                disabled={false}
                id="checkbox-option"
                md="auto"
                onChange={[Function]}
                type="checkbox"
              />
              <label
                className="custom-control-label"
                htmlFor="checkbox-option"
                title=""
              >
                Pale
              </label>
            </div>
          </div>
        </form>
        <form
          className=""
        >
          <div
            className="mb-3"
          >
            <div
              className="custom-control custom-checkbox"
              style={
                Object {
                  "paddingLeft": "200px",
                }
              }
            >
              <input
                checked={false}
                className="custom-control-input"
                disabled={false}
                id="checkbox-option"
                md="auto"
                onChange={[Function]}
                type="checkbox"
              />
              <label
                className="custom-control-label"
                htmlFor="checkbox-option"
                title=""
              >
                Gold
              </label>
            </div>
          </div>
        </form>
        <form
          className=""
        >
          <div
            className="mb-3"
          >
            <div
              className="custom-control custom-checkbox"
              style={
                Object {
                  "paddingLeft": "200px",
                }
              }
            >
              <input
                checked={false}
                className="custom-control-input"
                disabled={false}
                id="checkbox-option"
                md="auto"
                onChange={[Function]}
                type="checkbox"
              />
              <label
                className="custom-control-label"
                htmlFor="checkbox-option"
                title=""
              >
                Light Amber
              </label>
            </div>
          </div>
        </form>
        <form
          className=""
        >
          <div
            className="mb-3"
          >
            <div
              className="custom-control custom-checkbox"
              style={
                Object {
                  "paddingLeft": "200px",
                }
              }
            >
              <input
                checked={false}
                className="custom-control-input"
                disabled={false}
                id="checkbox-option"
                md="auto"
                onChange={[Function]}
                type="checkbox"
              />
              <label
                className="custom-control-label"
                htmlFor="checkbox-option"
                title=""
              >
                Amber
              </label>
            </div>
          </div>
        </form>
        <form
          className=""
        >
          <div
            className="mb-3"
          >
            <div
              className="custom-control custom-checkbox"
              style={
                Object {
                  "paddingLeft": "200px",
                }
              }
            >
              <input
                checked={false}
                className="custom-control-input"
                disabled={false}
                id="checkbox-option"
                md="auto"
                onChange={[Function]}
                type="checkbox"
              />
              <label
                className="custom-control-label"
                htmlFor="checkbox-option"
                title=""
              >
                Medium Amber
              </label>
            </div>
          </div>
        </form>
      </div>
      <div
        className="col"
      >
        <form
          className=""
        >
          <div
            className="mb-3"
          >
            <div
              className="custom-control custom-checkbox"
              style={
                Object {
                  "paddingLeft": "200px",
                }
              }
            >
              <input
                checked={false}
                className="custom-control-input"
                disabled={false}
                id="checkbox-option"
                md="auto"
                onChange={[Function]}
                type="checkbox"
              />
              <label
                className="custom-control-label"
                htmlFor="checkbox-option"
                title=""
              >
                Copper
              </label>
            </div>
          </div>
        </form>
        <form
          className=""
        >
          <div
            className="mb-3"
          >
            <div
              className="custom-control custom-checkbox"
              style={
                Object {
                  "paddingLeft": "200px",
                }
              }
            >
              <input
                checked={false}
                className="custom-control-input"
                disabled={false}
                id="checkbox-option"
                md="auto"
                onChange={[Function]}
                type="checkbox"
              />
              <label
                className="custom-control-label"
                htmlFor="checkbox-option"
                title=""
              >
                Light Brown
              </label>
            </div>
          </div>
        </form>
        <form
          className=""
        >
          <div
            className="mb-3"
          >
            <div
              className="custom-control custom-checkbox"
              style={
                Object {
                  "paddingLeft": "200px",
                }
              }
            >
              <input
                checked={false}
                className="custom-control-input"
                disabled={false}
                id="checkbox-option"
                md="auto"
                onChange={[Function]}
                type="checkbox"
              />
              <label
                className="custom-control-label"
                htmlFor="checkbox-option"
                title=""
              >
                Saddle Brown
              </label>
            </div>
          </div>
        </form>
        <form
          className=""
        >
          <div
            className="mb-3"
          >
            <div
              className="custom-control custom-checkbox"
              style={
                Object {
                  "paddingLeft": "200px",
                }
              }
            >
              <input
                checked={false}
                className="custom-control-input"
                disabled={false}
                id="checkbox-option"
                md="auto"
                onChange={[Function]}
                type="checkbox"
              />
              <label
                className="custom-control-label"
                htmlFor="checkbox-option"
                title=""
              >
                Brown
              </label>
            </div>
          </div>
        </form>
        <form
          className=""
        >
          <div
            className="mb-3"
          >
            <div
              className="custom-control custom-checkbox"
              style={
                Object {
                  "paddingLeft": "200px",
                }
              }
            >
              <input
                checked={false}
                className="custom-control-input"
                disabled={false}
                id="checkbox-option"
                md="auto"
                onChange={[Function]}
                type="checkbox"
              />
              <label
                className="custom-control-label"
                htmlFor="checkbox-option"
                title=""
              >
                Dark Brown
              </label>
            </div>
          </div>
        </form>
        <form
          className=""
        >
          <div
            className="mb-3"
          >
            <div
              className="custom-control custom-checkbox"
              style={
                Object {
                  "paddingLeft": "200px",
                }
              }
            >
              <input
                checked={false}
                className="custom-control-input"
                disabled={false}
                id="checkbox-option"
                md="auto"
                onChange={[Function]}
                type="checkbox"
              />
              <label
                className="custom-control-label"
                htmlFor="checkbox-option"
                title=""
              >
                Black
              </label>
            </div>
          </div>
        </form>
      </div>
    </div>
  </div>
  <div
    className="btn-toolbar"
    role="toolbar"
    style={
      Object {
        "display": "flex",
        "justifyContent": "space-between",
        "paddingTop": "10px",
      }
    }
  >
    <div />
    <div
      className="react-carousel-dots-holder "
      style={
        Object {
          "height": 10,
          "width": 60,
        }
      }
    >
      <div
        className="dot-holder"
        style={
          Object {
            "height": 10,
            "marginLeft": 1,
            "marginRight": 1,
            "width": 10,
          }
        }
      >
        <div
          className="react-carousel-dots-dot
                      
                      active"
        />
      </div>
      <div
        className="dot-holder"
        style={
          Object {
            "height": 10,
            "marginLeft": 1,
            "marginRight": 1,
            "width": 10,
          }
        }
      >
        <div
          className="react-carousel-dots-dot
                      
                      "
        />
      </div>
      <div
        className="dot-holder"
        style={
          Object {
            "height": 10,
            "marginLeft": 1,
            "marginRight": 1,
            "width": 10,
          }
        }
      >
        <div
          className="react-carousel-dots-dot
                      
                      "
        />
      </div>
    </div>
    <button
      className="submit-button btn btn-secondary"
      disabled={false}
      id="submit-button"
      onClick={[Function]}
      style={
        Object {
          "backgroundColor": "#CC752A",
          "outline": "none",
        }
      }
      type="button"
    >
      Next
    </button>
  </div>
</div>
`;
